chr	start	end	test_normalization/in/simulations.tsv	shannon_norm	avg_meth
chrM	1	201	0	0	1
chrU	1	201	0	0	0
chr1_1	1	201	0	0.540439	0.340206
chr3_1	1	201	0.672594	0.770741	0.604938
chr_random	1	201	1.24541	1.07632	0.340206
