file	sampen	sampen_norm	avg_meth
test_normalization/in/simulations.tsv	0.0856317	0.134843	0.377709
