chr	start	end	test_0/in/cell1.bed.gz	shannon	avg_meth
2	16	60	0	0.459148	0.636364
2	305	420	-1	-1	0.181818
3	6	80	0	0.405639	0.769231
4	20	25	-1	-1	-1
