chr	start	end	test_1/in/simulations.tsv	shannon	avg_meth
chrM	1	201	0	0	1
chrU	1	201	0	0	0
chr1_1	1	201	0	0.499915	0.340206
chr3_1	1	201	0.437214	0.746068	0.604938
chr_random	1	201	0.742137	0.995618	0.340206
